mode: set
TenderServiceApi/cmd/tender-service-api/main.go:42.13,50.16 5 0
TenderServiceApi/cmd/tender-service-api/main.go:50.16,53.3 2 0
TenderServiceApi/cmd/tender-service-api/main.go:55.2,58.16 3 0
TenderServiceApi/cmd/tender-service-api/main.go:58.16,61.3 2 0
TenderServiceApi/cmd/tender-service-api/main.go:63.2,123.36 35 0
TenderServiceApi/cmd/tender-service-api/main.go:126.98,136.12 3 0
TenderServiceApi/cmd/tender-service-api/main.go:136.12,137.87 1 0
TenderServiceApi/cmd/tender-service-api/main.go:137.87,139.4 1 0
TenderServiceApi/cmd/tender-service-api/main.go:142.2,145.42 3 0
TenderServiceApi/cmd/tender-service-api/main.go:145.42,147.3 1 0
TenderServiceApi/cmd/tender-service-api/main.go:149.2,149.19 1 0
TenderServiceApi/cmd/tender-service-api/main.go:152.52,156.16 4 0
TenderServiceApi/cmd/tender-service-api/main.go:156.16,158.3 1 0
TenderServiceApi/cmd/tender-service-api/main.go:159.2,161.8 1 0
TenderServiceApi/cmd/tender-service-api/serv.go:242.15,259.16 5 0
TenderServiceApi/cmd/tender-service-api/serv.go:259.16,260.13 1 0
TenderServiceApi/cmd/tender-service-api/serv.go:262.2,264.16 3 0
TenderServiceApi/cmd/tender-service-api/serv.go:264.16,265.13 1 0
TenderServiceApi/cmd/tender-service-api/serv.go:268.2,271.16 3 0
TenderServiceApi/cmd/tender-service-api/serv.go:271.16,274.3 2 0
TenderServiceApi/cmd/tender-service-api/serv.go:275.2,277.25 3 0
TenderServiceApi/cmd/tender-service-api/serv.go:280.14,290.16 5 0
TenderServiceApi/cmd/tender-service-api/serv.go:290.16,291.13 1 0
TenderServiceApi/cmd/tender-service-api/serv.go:293.2,295.16 3 0
TenderServiceApi/cmd/tender-service-api/serv.go:295.16,296.13 1 0
TenderServiceApi/cmd/tender-service-api/serv.go:299.2,302.16 3 0
TenderServiceApi/cmd/tender-service-api/serv.go:302.16,305.3 2 0
TenderServiceApi/cmd/tender-service-api/serv.go:306.2,308.25 3 0
TenderServiceApi/cmd/tender-service-api/serv.go:311.14,327.16 5 0
TenderServiceApi/cmd/tender-service-api/serv.go:327.16,328.13 1 0
TenderServiceApi/cmd/tender-service-api/serv.go:330.2,332.16 3 0
TenderServiceApi/cmd/tender-service-api/serv.go:332.16,333.13 1 0
TenderServiceApi/cmd/tender-service-api/serv.go:336.2,339.16 3 0
TenderServiceApi/cmd/tender-service-api/serv.go:339.16,342.3 2 0
TenderServiceApi/cmd/tender-service-api/serv.go:343.2,345.25 3 0
TenderServiceApi/cmd/tender-service-api/serv.go:348.18,365.16 5 0
TenderServiceApi/cmd/tender-service-api/serv.go:365.16,366.13 1 0
TenderServiceApi/cmd/tender-service-api/serv.go:368.2,370.16 3 0
TenderServiceApi/cmd/tender-service-api/serv.go:370.16,371.13 1 0
TenderServiceApi/cmd/tender-service-api/serv.go:374.2,377.16 3 0
TenderServiceApi/cmd/tender-service-api/serv.go:377.16,380.3 2 0
TenderServiceApi/cmd/tender-service-api/serv.go:381.2,383.25 3 0
TenderServiceApi/internal/config/config.go:34.25,37.22 2 0
TenderServiceApi/internal/config/config.go:37.22,39.3 1 0
TenderServiceApi/internal/config/config.go:41.2,41.55 1 0
TenderServiceApi/internal/config/config.go:41.55,43.3 1 0
TenderServiceApi/internal/config/config.go:45.2,47.62 2 0
TenderServiceApi/internal/config/config.go:47.62,49.3 1 0
TenderServiceApi/internal/config/config.go:51.2,51.13 1 0
TenderServiceApi/internal/handlers/bids/create/handler.go:33.120,37.2 1 0
TenderServiceApi/internal/handlers/bids/create/handler.go:41.51,44.2 2 0
TenderServiceApi/internal/handlers/bids/create/handler.go:46.66,47.33 1 0
TenderServiceApi/internal/handlers/bids/create/handler.go:47.33,50.3 2 0
TenderServiceApi/internal/handlers/bids/create/handler.go:52.2,53.16 2 0
TenderServiceApi/internal/handlers/bids/create/handler.go:53.16,57.3 3 0
TenderServiceApi/internal/handlers/bids/create/handler.go:58.2,60.17 2 0
TenderServiceApi/internal/handlers/bids/create/handler.go:60.17,63.3 2 0
TenderServiceApi/internal/handlers/bids/create/handler.go:65.2,67.16 3 0
TenderServiceApi/internal/handlers/bids/create/handler.go:67.16,71.3 3 0
TenderServiceApi/internal/handlers/bids/create/handler.go:73.2,75.16 3 0
TenderServiceApi/internal/handlers/bids/create/handler.go:75.16,79.3 3 0
TenderServiceApi/internal/handlers/bids/create/handler.go:81.2,82.35 2 0
TenderServiceApi/internal/handlers/bids/create/handler.go:82.35,86.3 3 0
TenderServiceApi/internal/handlers/bids/create/handler.go:87.2,87.16 1 0
TenderServiceApi/internal/handlers/bids/create/handler.go:87.16,91.3 3 0
TenderServiceApi/internal/handlers/bids/create/handler.go:93.2,95.16 3 0
TenderServiceApi/internal/handlers/bids/create/handler.go:95.16,99.3 3 0
TenderServiceApi/internal/handlers/bids/create/handler.go:101.2,102.16 2 0
TenderServiceApi/internal/handlers/bids/create/handler.go:102.16,106.3 3 0
TenderServiceApi/internal/handlers/bids/create/handler.go:108.2,108.30 1 0
TenderServiceApi/internal/handlers/bids/create/handler.go:111.68,112.32 1 0
TenderServiceApi/internal/handlers/bids/create/handler.go:112.32,115.3 2 0
TenderServiceApi/internal/handlers/bids/create/handler.go:116.2,119.28 3 0
TenderServiceApi/internal/handlers/bids/create/handler.go:119.28,122.3 2 0
TenderServiceApi/internal/handlers/bids/create/handler.go:124.2,125.18 2 0
TenderServiceApi/internal/handlers/bids/create/handler.go:125.18,128.3 2 0
TenderServiceApi/internal/handlers/bids/create/handler.go:130.2,131.16 2 0
TenderServiceApi/internal/handlers/bids/create/handler.go:131.16,135.3 3 0
TenderServiceApi/internal/handlers/bids/create/handler.go:136.2,138.17 2 0
TenderServiceApi/internal/handlers/bids/create/handler.go:138.17,141.3 2 0
TenderServiceApi/internal/handlers/bids/create/handler.go:143.2,145.16 3 0
TenderServiceApi/internal/handlers/bids/create/handler.go:145.16,149.3 3 0
TenderServiceApi/internal/handlers/bids/create/handler.go:151.2,152.79 2 0
TenderServiceApi/internal/handlers/bids/create/handler.go:152.79,156.3 3 0
TenderServiceApi/internal/handlers/bids/create/handler.go:157.2,157.16 1 0
TenderServiceApi/internal/handlers/bids/create/handler.go:157.16,161.3 3 0
TenderServiceApi/internal/handlers/bids/create/handler.go:163.2,165.16 3 0
TenderServiceApi/internal/handlers/bids/create/handler.go:165.16,169.3 3 0
TenderServiceApi/internal/handlers/bids/create/handler.go:171.2,172.16 2 0
TenderServiceApi/internal/handlers/bids/create/handler.go:172.16,176.3 3 0
TenderServiceApi/internal/handlers/bids/create/handler.go:178.2,178.30 1 0
TenderServiceApi/internal/handlers/bids/update/handler.go:41.72,45.2 1 0
TenderServiceApi/internal/handlers/bids/update/handler.go:47.51,52.2 4 0
TenderServiceApi/internal/handlers/bids/update/handler.go:54.64,55.34 1 0
TenderServiceApi/internal/handlers/bids/update/handler.go:55.34,58.3 2 0
TenderServiceApi/internal/handlers/bids/update/handler.go:60.2,63.24 3 0
TenderServiceApi/internal/handlers/bids/update/handler.go:63.24,66.3 2 0
TenderServiceApi/internal/handlers/bids/update/handler.go:68.2,69.16 2 0
TenderServiceApi/internal/handlers/bids/update/handler.go:69.16,73.3 3 0
TenderServiceApi/internal/handlers/bids/update/handler.go:74.2,74.15 1 0
TenderServiceApi/internal/handlers/bids/update/handler.go:74.15,76.3 1 0
TenderServiceApi/internal/handlers/bids/update/handler.go:78.2,78.17 1 0
TenderServiceApi/internal/handlers/bids/update/handler.go:78.17,81.3 2 0
TenderServiceApi/internal/handlers/bids/update/handler.go:83.2,84.15 2 0
TenderServiceApi/internal/handlers/bids/update/handler.go:84.15,87.3 2 0
TenderServiceApi/internal/handlers/bids/update/handler.go:89.2,91.16 3 0
TenderServiceApi/internal/handlers/bids/update/handler.go:91.16,95.3 3 0
TenderServiceApi/internal/handlers/bids/update/handler.go:97.2,98.16 2 0
TenderServiceApi/internal/handlers/bids/update/handler.go:98.16,102.3 3 0
TenderServiceApi/internal/handlers/bids/update/handler.go:104.2,107.16 3 0
TenderServiceApi/internal/handlers/bids/update/handler.go:107.16,111.3 3 0
TenderServiceApi/internal/handlers/bids/update/handler.go:113.2,114.16 2 0
TenderServiceApi/internal/handlers/bids/update/handler.go:114.16,117.3 2 0
TenderServiceApi/internal/handlers/bids/update/handler.go:119.2,119.30 1 0
TenderServiceApi/internal/handlers/bids/update/handler.go:122.68,123.32 1 0
TenderServiceApi/internal/handlers/bids/update/handler.go:123.32,126.3 2 0
TenderServiceApi/internal/handlers/bids/update/handler.go:128.2,131.24 3 0
TenderServiceApi/internal/handlers/bids/update/handler.go:131.24,134.3 2 0
TenderServiceApi/internal/handlers/bids/update/handler.go:136.2,137.15 2 0
TenderServiceApi/internal/handlers/bids/update/handler.go:137.15,140.3 2 0
TenderServiceApi/internal/handlers/bids/update/handler.go:142.2,143.20 2 0
TenderServiceApi/internal/handlers/bids/update/handler.go:143.20,146.3 2 0
TenderServiceApi/internal/handlers/bids/update/handler.go:148.2,149.128 2 0
TenderServiceApi/internal/handlers/bids/update/handler.go:149.128,153.3 3 0
TenderServiceApi/internal/handlers/bids/update/handler.go:154.2,154.16 1 0
TenderServiceApi/internal/handlers/bids/update/handler.go:154.16,158.3 3 0
TenderServiceApi/internal/handlers/bids/update/handler.go:160.2,163.16 3 0
TenderServiceApi/internal/handlers/bids/update/handler.go:163.16,167.3 3 0
TenderServiceApi/internal/handlers/bids/update/handler.go:169.2,170.16 2 0
TenderServiceApi/internal/handlers/bids/update/handler.go:170.16,174.3 3 0
TenderServiceApi/internal/handlers/bids/update/handler.go:176.2,176.30 1 0
TenderServiceApi/internal/handlers/bids/update/handler.go:179.66,180.32 1 0
TenderServiceApi/internal/handlers/bids/update/handler.go:180.32,183.3 2 0
TenderServiceApi/internal/handlers/bids/update/handler.go:185.2,189.63 4 0
TenderServiceApi/internal/handlers/bids/update/handler.go:189.63,192.3 2 0
TenderServiceApi/internal/handlers/bids/update/handler.go:194.2,195.18 2 0
TenderServiceApi/internal/handlers/bids/update/handler.go:195.18,198.3 2 0
TenderServiceApi/internal/handlers/bids/update/handler.go:200.2,201.46 2 0
TenderServiceApi/internal/handlers/bids/update/handler.go:201.46,205.3 3 0
TenderServiceApi/internal/handlers/bids/update/handler.go:206.2,206.35 1 0
TenderServiceApi/internal/handlers/bids/update/handler.go:206.35,210.3 3 0
TenderServiceApi/internal/handlers/bids/update/handler.go:211.2,211.16 1 0
TenderServiceApi/internal/handlers/bids/update/handler.go:211.16,215.3 3 0
TenderServiceApi/internal/handlers/bids/update/handler.go:217.2,218.16 2 0
TenderServiceApi/internal/handlers/bids/update/handler.go:218.16,222.3 3 0
TenderServiceApi/internal/handlers/bids/update/handler.go:224.2,225.16 2 0
TenderServiceApi/internal/handlers/bids/update/handler.go:225.16,229.3 3 0
TenderServiceApi/internal/handlers/bids/update/handler.go:231.2,231.30 1 0
TenderServiceApi/internal/handlers/bids/update/handler.go:234.74,235.32 1 0
TenderServiceApi/internal/handlers/bids/update/handler.go:235.32,238.3 2 0
TenderServiceApi/internal/handlers/bids/update/handler.go:240.2,245.97 5 0
TenderServiceApi/internal/handlers/bids/update/handler.go:245.97,248.3 2 0
TenderServiceApi/internal/handlers/bids/update/handler.go:250.2,255.9 3 0
TenderServiceApi/internal/handlers/bids/update/handler.go:255.9,258.3 2 0
TenderServiceApi/internal/handlers/bids/update/handler.go:260.2,261.18 2 0
TenderServiceApi/internal/handlers/bids/update/handler.go:261.18,264.3 2 0
TenderServiceApi/internal/handlers/bids/update/handler.go:266.2,267.46 2 0
TenderServiceApi/internal/handlers/bids/update/handler.go:267.46,271.3 3 0
TenderServiceApi/internal/handlers/bids/update/handler.go:272.2,272.35 1 0
TenderServiceApi/internal/handlers/bids/update/handler.go:272.35,276.3 3 0
TenderServiceApi/internal/handlers/bids/update/handler.go:277.2,277.16 1 0
TenderServiceApi/internal/handlers/bids/update/handler.go:277.16,281.3 3 0
TenderServiceApi/internal/handlers/bids/update/handler.go:283.2,284.16 2 0
TenderServiceApi/internal/handlers/bids/update/handler.go:284.16,288.3 3 0
TenderServiceApi/internal/handlers/bids/update/handler.go:290.2,291.16 2 0
TenderServiceApi/internal/handlers/bids/update/handler.go:291.16,295.3 3 0
TenderServiceApi/internal/handlers/bids/update/handler.go:297.2,297.30 1 0
TenderServiceApi/internal/handlers/tender/create/handler.go:27.75,31.2 1 0
TenderServiceApi/internal/handlers/tender/create/handler.go:33.51,35.2 1 0
TenderServiceApi/internal/handlers/tender/create/handler.go:37.66,38.33 1 0
TenderServiceApi/internal/handlers/tender/create/handler.go:38.33,41.3 2 0
TenderServiceApi/internal/handlers/tender/create/handler.go:43.2,44.16 2 0
TenderServiceApi/internal/handlers/tender/create/handler.go:44.16,48.3 3 0
TenderServiceApi/internal/handlers/tender/create/handler.go:49.2,51.17 2 0
TenderServiceApi/internal/handlers/tender/create/handler.go:51.17,54.3 2 0
TenderServiceApi/internal/handlers/tender/create/handler.go:56.2,58.16 3 0
TenderServiceApi/internal/handlers/tender/create/handler.go:58.16,62.3 3 0
TenderServiceApi/internal/handlers/tender/create/handler.go:64.2,66.16 3 0
TenderServiceApi/internal/handlers/tender/create/handler.go:66.16,70.3 3 0
TenderServiceApi/internal/handlers/tender/create/handler.go:72.2,73.35 2 0
TenderServiceApi/internal/handlers/tender/create/handler.go:73.35,77.3 3 0
TenderServiceApi/internal/handlers/tender/create/handler.go:78.2,78.16 1 0
TenderServiceApi/internal/handlers/tender/create/handler.go:78.16,82.3 3 0
TenderServiceApi/internal/handlers/tender/create/handler.go:84.2,86.16 3 0
TenderServiceApi/internal/handlers/tender/create/handler.go:86.16,90.3 3 0
TenderServiceApi/internal/handlers/tender/create/handler.go:92.2,93.16 2 0
TenderServiceApi/internal/handlers/tender/create/handler.go:93.16,97.3 3 0
TenderServiceApi/internal/handlers/tender/create/handler.go:99.2,99.30 1 0
TenderServiceApi/internal/handlers/tender/update/handler.go:34.54,38.2 1 0
TenderServiceApi/internal/handlers/tender/update/handler.go:40.51,44.2 3 0
TenderServiceApi/internal/handlers/tender/update/handler.go:46.64,47.34 1 0
TenderServiceApi/internal/handlers/tender/update/handler.go:47.34,50.3 2 0
TenderServiceApi/internal/handlers/tender/update/handler.go:52.2,55.24 3 0
TenderServiceApi/internal/handlers/tender/update/handler.go:55.24,58.3 2 0
TenderServiceApi/internal/handlers/tender/update/handler.go:60.2,61.16 2 0
TenderServiceApi/internal/handlers/tender/update/handler.go:61.16,65.3 3 0
TenderServiceApi/internal/handlers/tender/update/handler.go:66.2,66.15 1 0
TenderServiceApi/internal/handlers/tender/update/handler.go:66.15,68.3 1 0
TenderServiceApi/internal/handlers/tender/update/handler.go:70.2,70.17 1 0
TenderServiceApi/internal/handlers/tender/update/handler.go:70.17,73.3 2 0
TenderServiceApi/internal/handlers/tender/update/handler.go:75.2,76.15 2 0
TenderServiceApi/internal/handlers/tender/update/handler.go:76.15,79.3 2 0
TenderServiceApi/internal/handlers/tender/update/handler.go:81.2,83.16 3 0
TenderServiceApi/internal/handlers/tender/update/handler.go:83.16,87.3 3 0
TenderServiceApi/internal/handlers/tender/update/handler.go:89.2,90.16 2 0
TenderServiceApi/internal/handlers/tender/update/handler.go:90.16,94.3 3 0
TenderServiceApi/internal/handlers/tender/update/handler.go:96.2,99.16 3 0
TenderServiceApi/internal/handlers/tender/update/handler.go:99.16,103.3 3 0
TenderServiceApi/internal/handlers/tender/update/handler.go:105.2,106.16 2 0
TenderServiceApi/internal/handlers/tender/update/handler.go:106.16,109.3 2 0
TenderServiceApi/internal/handlers/tender/update/handler.go:111.2,111.30 1 0
TenderServiceApi/internal/handlers/tender/update/handler.go:114.68,115.32 1 0
TenderServiceApi/internal/handlers/tender/update/handler.go:115.32,118.3 2 0
TenderServiceApi/internal/handlers/tender/update/handler.go:120.2,123.24 3 0
TenderServiceApi/internal/handlers/tender/update/handler.go:123.24,126.3 2 0
TenderServiceApi/internal/handlers/tender/update/handler.go:128.2,129.15 2 0
TenderServiceApi/internal/handlers/tender/update/handler.go:129.15,132.3 2 0
TenderServiceApi/internal/handlers/tender/update/handler.go:134.2,135.20 2 0
TenderServiceApi/internal/handlers/tender/update/handler.go:135.20,138.3 2 0
TenderServiceApi/internal/handlers/tender/update/handler.go:140.2,142.79 2 0
TenderServiceApi/internal/handlers/tender/update/handler.go:142.79,146.3 3 0
TenderServiceApi/internal/handlers/tender/update/handler.go:147.2,147.16 1 0
TenderServiceApi/internal/handlers/tender/update/handler.go:147.16,151.3 3 0
TenderServiceApi/internal/handlers/tender/update/handler.go:153.2,156.16 3 0
TenderServiceApi/internal/handlers/tender/update/handler.go:156.16,160.3 3 0
TenderServiceApi/internal/handlers/tender/update/handler.go:162.2,163.16 2 0
TenderServiceApi/internal/handlers/tender/update/handler.go:163.16,167.3 3 0
TenderServiceApi/internal/handlers/tender/update/handler.go:169.2,169.30 1 0
TenderServiceApi/internal/handlers/tender/update/handler.go:172.66,173.32 1 0
TenderServiceApi/internal/handlers/tender/update/handler.go:173.32,176.3 2 0
TenderServiceApi/internal/handlers/tender/update/handler.go:178.2,183.89 5 0
TenderServiceApi/internal/handlers/tender/update/handler.go:183.89,186.3 2 0
TenderServiceApi/internal/handlers/tender/update/handler.go:188.2,189.46 2 0
TenderServiceApi/internal/handlers/tender/update/handler.go:189.46,193.3 3 0
TenderServiceApi/internal/handlers/tender/update/handler.go:194.2,194.35 1 0
TenderServiceApi/internal/handlers/tender/update/handler.go:194.35,198.3 3 0
TenderServiceApi/internal/handlers/tender/update/handler.go:199.2,199.16 1 0
TenderServiceApi/internal/handlers/tender/update/handler.go:199.16,203.3 3 0
TenderServiceApi/internal/handlers/tender/update/handler.go:205.2,206.16 2 0
TenderServiceApi/internal/handlers/tender/update/handler.go:206.16,210.3 3 0
TenderServiceApi/internal/handlers/tender/update/handler.go:212.2,213.16 2 0
TenderServiceApi/internal/handlers/tender/update/handler.go:213.16,217.3 3 0
TenderServiceApi/internal/handlers/tender/update/handler.go:219.2,219.30 1 0
TenderServiceApi/internal/model/bidFeedback.go:11.58,26.27 3 0
TenderServiceApi/internal/model/bidFeedback.go:26.27,27.32 1 0
TenderServiceApi/internal/model/bidFeedback.go:28.16,29.19 1 0
TenderServiceApi/internal/model/bidFeedback.go:29.19,31.5 1 0
TenderServiceApi/internal/model/bidFeedback.go:32.13,33.18 1 0
TenderServiceApi/internal/model/bidFeedback.go:33.18,35.5 1 0
TenderServiceApi/internal/model/bids.go:14.44,30.27 3 0
TenderServiceApi/internal/model/bids.go:30.27,31.32 1 0
TenderServiceApi/internal/model/bids.go:32.16,33.19 1 0
TenderServiceApi/internal/model/bids.go:33.19,35.5 1 0
TenderServiceApi/internal/model/bids.go:36.13,37.18 1 0
TenderServiceApi/internal/model/bids.go:37.18,39.5 1 0
TenderServiceApi/internal/model/tender.go:19.48,35.27 3 0
TenderServiceApi/internal/model/tender.go:35.27,36.32 1 0
TenderServiceApi/internal/model/tender.go:37.16,38.19 1 0
TenderServiceApi/internal/model/tender.go:38.19,40.5 1 0
TenderServiceApi/internal/model/tender.go:41.13,42.18 1 0
TenderServiceApi/internal/model/tender.go:42.18,44.5 1 0
TenderServiceApi/internal/model/tender.go:49.48,51.9 2 0
TenderServiceApi/internal/model/tender.go:51.9,53.3 1 0
TenderServiceApi/internal/model/tender.go:55.2,55.30 1 0
TenderServiceApi/internal/repository/bid_decision/bid_decision.go:17.45,19.2 1 0
TenderServiceApi/internal/repository/bid_decision/bid_decision.go:21.105,26.16 4 0
TenderServiceApi/internal/repository/bid_decision/bid_decision.go:26.16,28.3 1 0
TenderServiceApi/internal/repository/bid_decision/bid_decision.go:30.2,31.16 2 0
TenderServiceApi/internal/repository/bid_decision/bid_decision.go:31.16,33.3 1 0
TenderServiceApi/internal/repository/bid_decision/bid_decision.go:35.2,35.12 1 0
TenderServiceApi/internal/repository/bid_decision/bid_decision.go:38.101,45.35 5 0
TenderServiceApi/internal/repository/bid_decision/bid_decision.go:45.35,47.3 1 0
TenderServiceApi/internal/repository/bid_decision/bid_decision.go:48.2,48.16 1 0
TenderServiceApi/internal/repository/bid_decision/bid_decision.go:48.16,50.3 1 0
TenderServiceApi/internal/repository/bid_decision/bid_decision.go:52.2,52.18 1 0
TenderServiceApi/internal/repository/bid_decision/bid_decision.go:52.18,54.17 2 0
TenderServiceApi/internal/repository/bid_decision/bid_decision.go:54.17,56.4 1 0
TenderServiceApi/internal/repository/bid_decision/bid_decision.go:57.3,57.46 1 0
TenderServiceApi/internal/repository/bid_decision/bid_decision.go:60.2,60.23 1 0
TenderServiceApi/internal/repository/bid_decision/bid_decision.go:65.77,70.2 4 0
TenderServiceApi/internal/repository/bid_decision/type.go:14.45,21.2 1 0
TenderServiceApi/internal/repository/bid_feedback/bid_feedback.go:17.45,19.2 1 0
TenderServiceApi/internal/repository/bid_feedback/bid_feedback.go:21.106,30.16 6 0
TenderServiceApi/internal/repository/bid_feedback/bid_feedback.go:30.16,32.3 1 0
TenderServiceApi/internal/repository/bid_feedback/bid_feedback.go:34.2,37.16 3 0
TenderServiceApi/internal/repository/bid_feedback/bid_feedback.go:37.16,39.3 1 0
TenderServiceApi/internal/repository/bid_feedback/bid_feedback.go:41.2,43.23 2 0
TenderServiceApi/internal/repository/bid_feedback/bid_feedback.go:46.148,54.35 7 0
TenderServiceApi/internal/repository/bid_feedback/bid_feedback.go:54.35,56.3 1 0
TenderServiceApi/internal/repository/bid_feedback/bid_feedback.go:57.2,57.16 1 0
TenderServiceApi/internal/repository/bid_feedback/bid_feedback.go:57.16,59.3 1 0
TenderServiceApi/internal/repository/bid_feedback/bid_feedback.go:61.2,61.18 1 0
TenderServiceApi/internal/repository/bid_feedback/bid_feedback.go:61.18,63.17 2 0
TenderServiceApi/internal/repository/bid_feedback/bid_feedback.go:63.17,65.4 1 0
TenderServiceApi/internal/repository/bid_feedback/bid_feedback.go:66.3,66.51 1 0
TenderServiceApi/internal/repository/bid_feedback/bid_feedback.go:69.2,69.26 1 0
TenderServiceApi/internal/repository/bid_feedback/bid_feedback.go:72.105,83.16 4 0
TenderServiceApi/internal/repository/bid_feedback/bid_feedback.go:83.16,85.3 1 0
TenderServiceApi/internal/repository/bid_feedback/bid_feedback.go:87.2,90.35 3 0
TenderServiceApi/internal/repository/bid_feedback/bid_feedback.go:90.35,92.3 1 0
TenderServiceApi/internal/repository/bid_feedback/bid_feedback.go:93.2,93.16 1 0
TenderServiceApi/internal/repository/bid_feedback/bid_feedback.go:93.16,95.3 1 0
TenderServiceApi/internal/repository/bid_feedback/bid_feedback.go:97.2,97.7 1 0
TenderServiceApi/internal/repository/bid_feedback/bid_feedback.go:97.7,99.3 1 0
TenderServiceApi/internal/repository/bid_feedback/bid_feedback.go:100.2,100.40 1 0
TenderServiceApi/internal/repository/bid_feedback/bid_feedback.go:105.75,110.2 4 0
TenderServiceApi/internal/repository/bid_feedback/type.go:15.43,23.2 1 0
TenderServiceApi/internal/repository/bid_feedback/type.go:25.37,33.2 1 0
TenderServiceApi/internal/repository/bids/bids.go:17.45,19.2 1 0
TenderServiceApi/internal/repository/bids/bids.go:21.100,29.35 7 0
TenderServiceApi/internal/repository/bids/bids.go:29.35,31.3 1 0
TenderServiceApi/internal/repository/bids/bids.go:32.2,32.16 1 0
TenderServiceApi/internal/repository/bids/bids.go:32.16,34.3 1 0
TenderServiceApi/internal/repository/bids/bids.go:36.2,36.18 1 0
TenderServiceApi/internal/repository/bids/bids.go:36.18,38.17 2 0
TenderServiceApi/internal/repository/bids/bids.go:38.17,40.4 1 0
TenderServiceApi/internal/repository/bids/bids.go:41.3,41.30 1 0
TenderServiceApi/internal/repository/bids/bids.go:44.2,44.18 1 0
TenderServiceApi/internal/repository/bids/bids.go:47.98,55.35 7 0
TenderServiceApi/internal/repository/bids/bids.go:55.35,57.3 1 0
TenderServiceApi/internal/repository/bids/bids.go:58.2,58.16 1 0
TenderServiceApi/internal/repository/bids/bids.go:58.16,60.3 1 0
TenderServiceApi/internal/repository/bids/bids.go:62.2,62.18 1 0
TenderServiceApi/internal/repository/bids/bids.go:62.18,64.17 2 0
TenderServiceApi/internal/repository/bids/bids.go:64.17,66.4 1 0
TenderServiceApi/internal/repository/bids/bids.go:67.3,67.30 1 0
TenderServiceApi/internal/repository/bids/bids.go:70.2,70.18 1 0
TenderServiceApi/internal/repository/bids/bids.go:73.92,84.16 6 0
TenderServiceApi/internal/repository/bids/bids.go:84.16,86.3 1 0
TenderServiceApi/internal/repository/bids/bids.go:88.2,91.16 3 0
TenderServiceApi/internal/repository/bids/bids.go:91.16,93.3 1 0
TenderServiceApi/internal/repository/bids/bids.go:94.2,96.23 2 0
TenderServiceApi/internal/repository/bids/bids.go:99.106,103.16 4 0
TenderServiceApi/internal/repository/bids/bids.go:103.16,105.3 1 0
TenderServiceApi/internal/repository/bids/bids.go:106.2,109.35 3 0
TenderServiceApi/internal/repository/bids/bids.go:109.35,111.3 1 0
TenderServiceApi/internal/repository/bids/bids.go:113.2,113.16 1 0
TenderServiceApi/internal/repository/bids/bids.go:113.16,115.3 1 0
TenderServiceApi/internal/repository/bids/bids.go:117.2,117.11 1 0
TenderServiceApi/internal/repository/bids/bids.go:117.11,119.3 1 0
TenderServiceApi/internal/repository/bids/bids.go:120.2,120.40 1 0
TenderServiceApi/internal/repository/bids/bids.go:123.88,130.35 5 0
TenderServiceApi/internal/repository/bids/bids.go:130.35,132.3 1 0
TenderServiceApi/internal/repository/bids/bids.go:133.2,133.16 1 0
TenderServiceApi/internal/repository/bids/bids.go:133.16,135.3 1 0
TenderServiceApi/internal/repository/bids/bids.go:137.2,139.35 3 0
TenderServiceApi/internal/repository/bids/bids.go:139.35,141.3 1 0
TenderServiceApi/internal/repository/bids/bids.go:142.2,142.16 1 0
TenderServiceApi/internal/repository/bids/bids.go:142.16,144.3 1 0
TenderServiceApi/internal/repository/bids/bids.go:146.2,146.26 1 0
TenderServiceApi/internal/repository/bids/bids.go:149.105,154.16 4 0
TenderServiceApi/internal/repository/bids/bids.go:154.16,156.3 1 0
TenderServiceApi/internal/repository/bids/bids.go:158.2,159.16 2 0
TenderServiceApi/internal/repository/bids/bids.go:159.16,161.3 1 0
TenderServiceApi/internal/repository/bids/bids.go:163.2,164.16 2 0
TenderServiceApi/internal/repository/bids/bids.go:164.16,166.3 1 0
TenderServiceApi/internal/repository/bids/bids.go:168.2,168.18 1 0
TenderServiceApi/internal/repository/bids/bids.go:171.103,179.16 7 0
TenderServiceApi/internal/repository/bids/bids.go:179.16,181.3 1 0
TenderServiceApi/internal/repository/bids/bids.go:183.2,184.16 2 0
TenderServiceApi/internal/repository/bids/bids.go:184.16,186.3 1 0
TenderServiceApi/internal/repository/bids/bids.go:188.2,188.20 1 0
TenderServiceApi/internal/repository/bids/bids.go:191.99,197.35 5 0
TenderServiceApi/internal/repository/bids/bids.go:197.35,199.3 1 0
TenderServiceApi/internal/repository/bids/bids.go:200.2,200.16 1 0
TenderServiceApi/internal/repository/bids/bids.go:200.16,202.3 1 0
TenderServiceApi/internal/repository/bids/bids.go:204.2,206.16 3 0
TenderServiceApi/internal/repository/bids/bids.go:206.16,208.3 1 0
TenderServiceApi/internal/repository/bids/bids.go:210.2,211.16 2 0
TenderServiceApi/internal/repository/bids/bids.go:211.16,213.3 1 0
TenderServiceApi/internal/repository/bids/bids.go:215.2,215.18 1 0
TenderServiceApi/internal/repository/bids/bids.go:220.68,225.2 4 0
TenderServiceApi/internal/repository/bids/type.go:17.36,27.2 1 0
TenderServiceApi/internal/repository/bids/type.go:29.30,39.2 1 0
TenderServiceApi/internal/storage/postgres/postgres.go:15.69,19.16 3 0
TenderServiceApi/internal/storage/postgres/postgres.go:19.16,21.3 1 0
TenderServiceApi/internal/storage/postgres/postgres.go:22.2,23.16 2 0
TenderServiceApi/internal/storage/postgres/postgres.go:23.16,25.3 1 0
TenderServiceApi/internal/storage/postgres/postgres.go:26.2,27.16 2 0
TenderServiceApi/internal/storage/postgres/postgres.go:27.16,29.3 1 0
TenderServiceApi/internal/storage/postgres/postgres.go:31.2,31.30 1 0
TenderServiceApi/internal/storage/postgres/postgres.go:34.27,36.2 1 0
TenderServiceApi/internal/repository/organization/organization.go:18.45,20.2 1 0
TenderServiceApi/internal/repository/organization/organization.go:22.92,25.18 3 0
TenderServiceApi/internal/repository/organization/organization.go:25.18,27.3 1 0
TenderServiceApi/internal/repository/organization/organization.go:29.2,32.35 3 0
TenderServiceApi/internal/repository/organization/organization.go:32.35,34.3 1 0
TenderServiceApi/internal/repository/organization/organization.go:35.2,35.16 1 0
TenderServiceApi/internal/repository/organization/organization.go:35.16,37.3 1 0
TenderServiceApi/internal/repository/organization/organization.go:39.2,39.29 1 0
TenderServiceApi/internal/repository/organization/organization.go:42.139,49.35 6 0
TenderServiceApi/internal/repository/organization/organization.go:49.35,51.3 1 0
TenderServiceApi/internal/repository/organization/organization.go:52.2,52.16 1 0
TenderServiceApi/internal/repository/organization/organization.go:52.16,54.3 1 0
TenderServiceApi/internal/repository/organization/organization.go:56.2,57.16 2 0
TenderServiceApi/internal/repository/organization/organization.go:57.16,59.3 1 0
TenderServiceApi/internal/repository/organization/organization.go:61.2,61.20 1 0
TenderServiceApi/internal/repository/organization/organization.go:64.112,72.35 6 0
TenderServiceApi/internal/repository/organization/organization.go:72.35,74.3 1 0
TenderServiceApi/internal/repository/organization/organization.go:75.2,75.16 1 0
TenderServiceApi/internal/repository/organization/organization.go:75.16,77.3 1 0
TenderServiceApi/internal/repository/organization/organization.go:79.2,80.16 2 0
TenderServiceApi/internal/repository/organization/organization.go:80.16,82.3 1 0
TenderServiceApi/internal/repository/organization/organization.go:84.2,84.20 1 0
TenderServiceApi/internal/repository/organization/organization.go:87.115,95.35 6 0
TenderServiceApi/internal/repository/organization/organization.go:95.35,97.3 1 0
TenderServiceApi/internal/repository/organization/organization.go:98.2,98.16 1 0
TenderServiceApi/internal/repository/organization/organization.go:98.16,100.3 1 0
TenderServiceApi/internal/repository/organization/organization.go:102.2,103.16 2 0
TenderServiceApi/internal/repository/organization/organization.go:103.16,105.3 1 0
TenderServiceApi/internal/repository/organization/organization.go:107.2,107.20 1 0
TenderServiceApi/internal/repository/organization/organization.go:112.84,117.2 4 0
TenderServiceApi/internal/repository/organization/organization.go:119.106,124.2 4 0
TenderServiceApi/internal/repository/organization/type.go:20.56,27.2 1 0
TenderServiceApi/internal/repository/organization/type.go:29.78,35.2 1 0
TenderServiceApi/internal/repository/employee/employee.go:18.45,20.2 1 0
TenderServiceApi/internal/repository/employee/employee.go:22.88,25.18 3 0
TenderServiceApi/internal/repository/employee/employee.go:25.18,27.3 1 0
TenderServiceApi/internal/repository/employee/employee.go:29.2,33.35 3 0
TenderServiceApi/internal/repository/employee/employee.go:33.35,35.3 1 0
TenderServiceApi/internal/repository/employee/employee.go:37.2,37.16 1 0
TenderServiceApi/internal/repository/employee/employee.go:37.16,39.3 1 0
TenderServiceApi/internal/repository/employee/employee.go:41.2,41.25 1 0
TenderServiceApi/internal/repository/employee/employee.go:44.100,47.24 3 0
TenderServiceApi/internal/repository/employee/employee.go:47.24,49.3 1 0
TenderServiceApi/internal/repository/employee/employee.go:51.2,55.35 3 0
TenderServiceApi/internal/repository/employee/employee.go:55.35,57.3 1 0
TenderServiceApi/internal/repository/employee/employee.go:59.2,59.16 1 0
TenderServiceApi/internal/repository/employee/employee.go:59.16,61.3 1 0
TenderServiceApi/internal/repository/employee/employee.go:63.2,63.25 1 0
TenderServiceApi/internal/repository/employee/employee.go:68.68,73.2 4 0
TenderServiceApi/internal/repository/employee/type.go:14.40,21.2 1 0
TenderServiceApi/internal/repository/tender/tender.go:19.45,21.2 1 0
TenderServiceApi/internal/repository/tender/tender.go:23.97,29.26 5 0
TenderServiceApi/internal/repository/tender/tender.go:29.26,33.3 3 0
TenderServiceApi/internal/repository/tender/tender.go:35.2,35.27 1 0
TenderServiceApi/internal/repository/tender/tender.go:35.27,38.3 2 0
TenderServiceApi/internal/repository/tender/tender.go:39.2,39.35 1 0
TenderServiceApi/internal/repository/tender/tender.go:39.35,41.3 1 0
TenderServiceApi/internal/repository/tender/tender.go:43.2,43.16 1 0
TenderServiceApi/internal/repository/tender/tender.go:43.16,45.3 1 0
TenderServiceApi/internal/repository/tender/tender.go:47.2,47.18 1 0
TenderServiceApi/internal/repository/tender/tender.go:47.18,49.17 2 0
TenderServiceApi/internal/repository/tender/tender.go:49.17,51.4 1 0
TenderServiceApi/internal/repository/tender/tender.go:52.3,52.36 1 0
TenderServiceApi/internal/repository/tender/tender.go:55.2,55.21 1 0
TenderServiceApi/internal/repository/tender/tender.go:58.100,66.35 7 0
TenderServiceApi/internal/repository/tender/tender.go:66.35,68.3 1 0
TenderServiceApi/internal/repository/tender/tender.go:69.2,69.16 1 0
TenderServiceApi/internal/repository/tender/tender.go:69.16,71.3 1 0
TenderServiceApi/internal/repository/tender/tender.go:73.2,73.18 1 0
TenderServiceApi/internal/repository/tender/tender.go:73.18,75.17 2 0
TenderServiceApi/internal/repository/tender/tender.go:75.17,77.4 1 0
TenderServiceApi/internal/repository/tender/tender.go:78.3,78.36 1 0
TenderServiceApi/internal/repository/tender/tender.go:81.2,81.21 1 0
TenderServiceApi/internal/repository/tender/tender.go:84.108,90.16 4 0
TenderServiceApi/internal/repository/tender/tender.go:90.16,92.3 1 0
TenderServiceApi/internal/repository/tender/tender.go:93.2,97.35 3 0
TenderServiceApi/internal/repository/tender/tender.go:97.35,99.3 1 0
TenderServiceApi/internal/repository/tender/tender.go:101.2,101.16 1 0
TenderServiceApi/internal/repository/tender/tender.go:101.16,103.3 1 0
TenderServiceApi/internal/repository/tender/tender.go:105.2,105.11 1 0
TenderServiceApi/internal/repository/tender/tender.go:105.11,107.3 1 0
TenderServiceApi/internal/repository/tender/tender.go:108.2,108.40 1 0
TenderServiceApi/internal/repository/tender/tender.go:111.92,118.35 5 0
TenderServiceApi/internal/repository/tender/tender.go:118.35,120.3 1 0
TenderServiceApi/internal/repository/tender/tender.go:121.2,121.16 1 0
TenderServiceApi/internal/repository/tender/tender.go:121.16,123.3 1 0
TenderServiceApi/internal/repository/tender/tender.go:125.2,128.35 3 0
TenderServiceApi/internal/repository/tender/tender.go:128.35,130.3 1 0
TenderServiceApi/internal/repository/tender/tender.go:132.2,132.16 1 0
TenderServiceApi/internal/repository/tender/tender.go:132.16,134.3 1 0
TenderServiceApi/internal/repository/tender/tender.go:136.2,136.26 1 0
TenderServiceApi/internal/repository/tender/tender.go:139.96,150.16 6 0
TenderServiceApi/internal/repository/tender/tender.go:150.16,152.3 1 0
TenderServiceApi/internal/repository/tender/tender.go:154.2,157.16 3 0
TenderServiceApi/internal/repository/tender/tender.go:157.16,159.3 1 0
TenderServiceApi/internal/repository/tender/tender.go:160.2,162.23 2 0
TenderServiceApi/internal/repository/tender/tender.go:165.115,173.16 7 0
TenderServiceApi/internal/repository/tender/tender.go:173.16,175.3 1 0
TenderServiceApi/internal/repository/tender/tender.go:177.2,178.16 2 0
TenderServiceApi/internal/repository/tender/tender.go:178.16,180.3 1 0
TenderServiceApi/internal/repository/tender/tender.go:182.2,182.23 1 0
TenderServiceApi/internal/repository/tender/tender.go:185.101,191.35 5 0
TenderServiceApi/internal/repository/tender/tender.go:191.35,193.3 1 0
TenderServiceApi/internal/repository/tender/tender.go:194.2,194.16 1 0
TenderServiceApi/internal/repository/tender/tender.go:194.16,196.3 1 0
TenderServiceApi/internal/repository/tender/tender.go:198.2,200.16 3 0
TenderServiceApi/internal/repository/tender/tender.go:200.16,202.3 1 0
TenderServiceApi/internal/repository/tender/tender.go:204.2,205.16 2 0
TenderServiceApi/internal/repository/tender/tender.go:205.16,207.3 1 0
TenderServiceApi/internal/repository/tender/tender.go:209.2,209.18 1 0
TenderServiceApi/internal/repository/tender/tender.go:212.110,217.16 4 0
TenderServiceApi/internal/repository/tender/tender.go:217.16,219.3 1 0
TenderServiceApi/internal/repository/tender/tender.go:221.2,222.16 2 0
TenderServiceApi/internal/repository/tender/tender.go:222.16,224.3 1 0
TenderServiceApi/internal/repository/tender/tender.go:226.2,227.16 2 0
TenderServiceApi/internal/repository/tender/tender.go:227.16,229.3 1 0
TenderServiceApi/internal/repository/tender/tender.go:231.2,231.18 1 0
TenderServiceApi/internal/repository/tender/tender.go:236.70,241.2 4 0
TenderServiceApi/internal/repository/tender/type.go:17.38,27.2 1 0
TenderServiceApi/internal/repository/tender/type.go:29.32,39.2 1 0
TenderServiceApi/internal/handlers/bids/fetch/handler.go:37.79,41.2 1 1
TenderServiceApi/internal/handlers/bids/fetch/handler.go:47.51,52.2 4 0
TenderServiceApi/internal/handlers/bids/fetch/handler.go:54.77,55.32 1 1
TenderServiceApi/internal/handlers/bids/fetch/handler.go:55.32,58.3 2 1
TenderServiceApi/internal/handlers/bids/fetch/handler.go:60.2,63.24 3 1
TenderServiceApi/internal/handlers/bids/fetch/handler.go:63.24,66.3 2 1
TenderServiceApi/internal/handlers/bids/fetch/handler.go:68.2,69.15 2 1
TenderServiceApi/internal/handlers/bids/fetch/handler.go:69.15,72.3 2 0
TenderServiceApi/internal/handlers/bids/fetch/handler.go:74.2,75.46 2 1
TenderServiceApi/internal/handlers/bids/fetch/handler.go:75.46,79.3 3 1
TenderServiceApi/internal/handlers/bids/fetch/handler.go:80.2,80.36 1 1
TenderServiceApi/internal/handlers/bids/fetch/handler.go:80.36,84.3 3 1
TenderServiceApi/internal/handlers/bids/fetch/handler.go:85.2,85.16 1 1
TenderServiceApi/internal/handlers/bids/fetch/handler.go:85.16,89.3 3 1
TenderServiceApi/internal/handlers/bids/fetch/handler.go:91.2,91.20 1 1
TenderServiceApi/internal/handlers/bids/fetch/handler.go:91.20,94.3 2 1
TenderServiceApi/internal/handlers/bids/fetch/handler.go:96.2,97.16 2 1
TenderServiceApi/internal/handlers/bids/fetch/handler.go:97.16,101.3 3 0
TenderServiceApi/internal/handlers/bids/fetch/handler.go:103.2,104.16 2 1
TenderServiceApi/internal/handlers/bids/fetch/handler.go:104.16,108.3 3 0
TenderServiceApi/internal/handlers/bids/fetch/handler.go:110.2,110.30 1 1
TenderServiceApi/internal/handlers/bids/fetch/handler.go:113.75,114.32 1 1
TenderServiceApi/internal/handlers/bids/fetch/handler.go:114.32,117.3 2 1
TenderServiceApi/internal/handlers/bids/fetch/handler.go:118.2,121.41 3 1
TenderServiceApi/internal/handlers/bids/fetch/handler.go:121.41,124.3 2 1
TenderServiceApi/internal/handlers/bids/fetch/handler.go:126.2,127.16 2 1
TenderServiceApi/internal/handlers/bids/fetch/handler.go:127.16,131.3 3 1
TenderServiceApi/internal/handlers/bids/fetch/handler.go:133.2,134.16 2 1
TenderServiceApi/internal/handlers/bids/fetch/handler.go:134.16,138.3 3 0
TenderServiceApi/internal/handlers/bids/fetch/handler.go:139.2,139.23 1 1
TenderServiceApi/internal/handlers/bids/fetch/handler.go:139.23,142.3 2 1
TenderServiceApi/internal/handlers/bids/fetch/handler.go:144.2,145.16 2 1
TenderServiceApi/internal/handlers/bids/fetch/handler.go:145.16,149.3 3 0
TenderServiceApi/internal/handlers/bids/fetch/handler.go:151.2,151.30 1 1
TenderServiceApi/internal/handlers/bids/fetch/handler.go:154.71,155.32 1 1
TenderServiceApi/internal/handlers/bids/fetch/handler.go:155.32,158.3 2 1
TenderServiceApi/internal/handlers/bids/fetch/handler.go:160.2,163.39 3 1
TenderServiceApi/internal/handlers/bids/fetch/handler.go:163.39,166.3 2 1
TenderServiceApi/internal/handlers/bids/fetch/handler.go:168.2,169.18 2 1
TenderServiceApi/internal/handlers/bids/fetch/handler.go:169.18,172.3 2 0
TenderServiceApi/internal/handlers/bids/fetch/handler.go:174.2,175.46 2 1
TenderServiceApi/internal/handlers/bids/fetch/handler.go:175.46,179.3 3 1
TenderServiceApi/internal/handlers/bids/fetch/handler.go:180.2,180.35 1 1
TenderServiceApi/internal/handlers/bids/fetch/handler.go:180.35,184.3 3 1
TenderServiceApi/internal/handlers/bids/fetch/handler.go:185.2,185.16 1 1
TenderServiceApi/internal/handlers/bids/fetch/handler.go:185.16,189.3 3 1
TenderServiceApi/internal/handlers/bids/fetch/handler.go:191.2,192.16 2 1
TenderServiceApi/internal/handlers/bids/fetch/handler.go:192.16,196.3 3 0
TenderServiceApi/internal/handlers/bids/fetch/handler.go:198.2,199.16 2 1
TenderServiceApi/internal/handlers/bids/fetch/handler.go:199.16,203.3 3 0
TenderServiceApi/internal/handlers/bids/fetch/handler.go:205.2,205.30 1 1
TenderServiceApi/internal/handlers/bids/fetch/handler.go:208.72,209.32 1 1
TenderServiceApi/internal/handlers/bids/fetch/handler.go:209.32,212.3 2 1
TenderServiceApi/internal/handlers/bids/fetch/handler.go:214.2,218.103 5 1
TenderServiceApi/internal/handlers/bids/fetch/handler.go:218.103,221.3 2 1
TenderServiceApi/internal/handlers/bids/fetch/handler.go:223.2,224.21 2 1
TenderServiceApi/internal/handlers/bids/fetch/handler.go:224.21,227.3 2 0
TenderServiceApi/internal/handlers/bids/fetch/handler.go:229.2,230.46 2 1
TenderServiceApi/internal/handlers/bids/fetch/handler.go:230.46,234.3 3 1
TenderServiceApi/internal/handlers/bids/fetch/handler.go:235.2,235.35 1 1
TenderServiceApi/internal/handlers/bids/fetch/handler.go:235.35,239.3 3 1
TenderServiceApi/internal/handlers/bids/fetch/handler.go:240.2,240.16 1 1
TenderServiceApi/internal/handlers/bids/fetch/handler.go:240.16,244.3 3 1
TenderServiceApi/internal/handlers/bids/fetch/handler.go:246.2,247.16 2 1
TenderServiceApi/internal/handlers/bids/fetch/handler.go:247.16,251.3 3 0
TenderServiceApi/internal/handlers/bids/fetch/handler.go:253.2,254.16 2 1
TenderServiceApi/internal/handlers/bids/fetch/handler.go:254.16,258.3 3 0
TenderServiceApi/internal/handlers/bids/fetch/handler.go:260.2,260.30 1 1
TenderServiceApi/internal/model/bidFeedback.go:11.58,26.27 3 0
TenderServiceApi/internal/model/bidFeedback.go:26.27,27.32 1 0
TenderServiceApi/internal/model/bidFeedback.go:28.16,29.19 1 0
TenderServiceApi/internal/model/bidFeedback.go:29.19,31.5 1 0
TenderServiceApi/internal/model/bidFeedback.go:32.13,33.18 1 0
TenderServiceApi/internal/model/bidFeedback.go:33.18,35.5 1 0
TenderServiceApi/internal/model/bids.go:14.44,30.27 3 0
TenderServiceApi/internal/model/bids.go:30.27,31.32 1 0
TenderServiceApi/internal/model/bids.go:32.16,33.19 1 0
TenderServiceApi/internal/model/bids.go:33.19,35.5 1 0
TenderServiceApi/internal/model/bids.go:36.13,37.18 1 0
TenderServiceApi/internal/model/bids.go:37.18,39.5 1 0
TenderServiceApi/internal/model/tender.go:19.48,35.27 3 0
TenderServiceApi/internal/model/tender.go:35.27,36.32 1 0
TenderServiceApi/internal/model/tender.go:37.16,38.19 1 0
TenderServiceApi/internal/model/tender.go:38.19,40.5 1 0
TenderServiceApi/internal/model/tender.go:41.13,42.18 1 0
TenderServiceApi/internal/model/tender.go:42.18,44.5 1 0
TenderServiceApi/internal/model/tender.go:49.48,51.9 2 0
TenderServiceApi/internal/model/tender.go:51.9,53.3 1 0
TenderServiceApi/internal/model/tender.go:55.2,55.30 1 0
TenderServiceApi/internal/usecases/bid_feedback/create/bid_feedback.go:25.117,27.2 1 0
TenderServiceApi/internal/usecases/bid_feedback/create/bid_feedback.go:29.134,31.16 2 0
TenderServiceApi/internal/usecases/bid_feedback/create/bid_feedback.go:31.16,33.3 1 0
TenderServiceApi/internal/usecases/bid_feedback/create/bid_feedback.go:34.2,35.16 2 0
TenderServiceApi/internal/usecases/bid_feedback/create/bid_feedback.go:35.16,37.3 1 0
TenderServiceApi/internal/usecases/bid_feedback/create/bid_feedback.go:39.2,42.45 3 0
TenderServiceApi/internal/usecases/bid_feedback/fetch/bid_feedback.go:26.134,28.2 1 0
TenderServiceApi/internal/usecases/bid_feedback/fetch/bid_feedback.go:30.162,32.16 2 0
TenderServiceApi/internal/usecases/bid_feedback/fetch/bid_feedback.go:32.16,34.3 1 0
TenderServiceApi/internal/usecases/bid_feedback/fetch/bid_feedback.go:36.2,37.16 2 0
TenderServiceApi/internal/usecases/bid_feedback/fetch/bid_feedback.go:37.16,39.3 1 0
TenderServiceApi/internal/usecases/bid_feedback/fetch/bid_feedback.go:41.2,42.16 2 0
TenderServiceApi/internal/usecases/bid_feedback/fetch/bid_feedback.go:42.16,44.3 1 0
TenderServiceApi/internal/usecases/bid_feedback/fetch/bid_feedback.go:46.2,46.18 1 0
TenderServiceApi/internal/usecases/bid_feedback/verification/bid_feedback.go:15.40,17.2 1 0
TenderServiceApi/internal/usecases/bid_feedback/verification/bid_feedback.go:19.102,21.2 1 0
TenderServiceApi/internal/usecases/bids/decision/bids.go:42.172,44.2 1 0
TenderServiceApi/internal/usecases/bids/decision/bids.go:51.146,57.16 4 0
TenderServiceApi/internal/usecases/bids/decision/bids.go:57.16,59.3 1 0
TenderServiceApi/internal/usecases/bids/decision/bids.go:61.2,62.16 2 0
TenderServiceApi/internal/usecases/bids/decision/bids.go:62.16,64.3 1 0
TenderServiceApi/internal/usecases/bids/decision/bids.go:67.2,68.16 2 0
TenderServiceApi/internal/usecases/bids/decision/bids.go:68.16,70.3 1 0
TenderServiceApi/internal/usecases/bids/decision/bids.go:73.2,74.16 2 0
TenderServiceApi/internal/usecases/bids/decision/bids.go:74.16,76.3 1 0
TenderServiceApi/internal/usecases/bids/decision/bids.go:79.2,79.27 1 0
TenderServiceApi/internal/usecases/bids/decision/bids.go:79.27,80.50 1 0
TenderServiceApi/internal/usecases/bids/decision/bids.go:80.50,82.4 1 0
TenderServiceApi/internal/usecases/bids/decision/bids.go:84.3,84.42 1 0
TenderServiceApi/internal/usecases/bids/decision/bids.go:84.42,86.4 1 0
TenderServiceApi/internal/usecases/bids/decision/bids.go:90.2,91.16 2 0
TenderServiceApi/internal/usecases/bids/decision/bids.go:91.16,93.3 1 0
TenderServiceApi/internal/usecases/bids/decision/bids.go:96.2,96.28 1 0
TenderServiceApi/internal/usecases/bids/decision/bids.go:96.28,98.17 2 0
TenderServiceApi/internal/usecases/bids/decision/bids.go:98.17,100.4 1 0
TenderServiceApi/internal/usecases/bids/decision/bids.go:101.3,101.18 1 0
TenderServiceApi/internal/usecases/bids/decision/bids.go:105.2,105.44 1 0
TenderServiceApi/internal/usecases/bids/decision/bids.go:105.44,107.17 2 0
TenderServiceApi/internal/usecases/bids/decision/bids.go:107.17,109.4 1 0
TenderServiceApi/internal/usecases/bids/decision/bids.go:111.3,112.17 2 0
TenderServiceApi/internal/usecases/bids/decision/bids.go:112.17,114.4 1 0
TenderServiceApi/internal/usecases/bids/decision/bids.go:117.2,117.17 1 0
TenderServiceApi/internal/usecases/bids/edit/bids.go:24.75,26.2 1 0
TenderServiceApi/internal/usecases/bids/edit/bids.go:28.112,30.16 2 0
TenderServiceApi/internal/usecases/bids/edit/bids.go:30.16,32.3 1 0
TenderServiceApi/internal/usecases/bids/edit/bids.go:34.2,35.16 2 0
TenderServiceApi/internal/usecases/bids/edit/bids.go:35.16,37.3 1 0
TenderServiceApi/internal/usecases/bids/edit/bids.go:39.2,42.16 3 0
TenderServiceApi/internal/usecases/bids/edit/bids.go:42.16,44.3 1 0
TenderServiceApi/internal/usecases/bids/edit/bids.go:46.2,46.18 1 0
TenderServiceApi/internal/usecases/bids/edit/bids.go:49.113,51.16 2 0
TenderServiceApi/internal/usecases/bids/edit/bids.go:51.16,53.3 1 0
TenderServiceApi/internal/usecases/bids/edit/bids.go:55.2,56.16 2 0
TenderServiceApi/internal/usecases/bids/edit/bids.go:56.16,58.3 1 0
TenderServiceApi/internal/usecases/bids/edit/bids.go:60.2,61.16 2 0
TenderServiceApi/internal/usecases/bids/edit/bids.go:61.16,63.3 1 0
TenderServiceApi/internal/usecases/bids/edit/bids.go:65.2,65.18 1 0
TenderServiceApi/internal/usecases/bids/edit/bids.go:68.113,70.16 2 0
TenderServiceApi/internal/usecases/bids/edit/bids.go:70.16,72.3 1 0
TenderServiceApi/internal/usecases/bids/edit/bids.go:74.2,75.16 2 0
TenderServiceApi/internal/usecases/bids/edit/bids.go:75.16,77.3 1 0
TenderServiceApi/internal/usecases/bids/edit/bids.go:79.2,79.17 1 0
TenderServiceApi/internal/usecases/bids/create/bids.go:21.93,23.2 1 0
TenderServiceApi/internal/usecases/bids/create/bids.go:25.129,27.16 2 0
TenderServiceApi/internal/usecases/bids/create/bids.go:27.16,29.3 1 0
TenderServiceApi/internal/usecases/bids/create/bids.go:30.2,32.38 2 0
TenderServiceApi/internal/usecases/bids/fetch/bids.go:34.133,36.2 1 0
TenderServiceApi/internal/usecases/bids/fetch/bids.go:38.114,40.16 2 0
TenderServiceApi/internal/usecases/bids/fetch/bids.go:40.16,42.3 1 0
TenderServiceApi/internal/usecases/bids/fetch/bids.go:44.2,44.48 1 0
TenderServiceApi/internal/usecases/bids/fetch/bids.go:47.95,49.2 1 0
TenderServiceApi/internal/usecases/bids/fetch/bids.go:51.104,53.16 2 0
TenderServiceApi/internal/usecases/bids/fetch/bids.go:53.16,55.3 1 0
TenderServiceApi/internal/usecases/bids/fetch/bids.go:57.2,58.16 2 0
TenderServiceApi/internal/usecases/bids/fetch/bids.go:58.16,60.3 1 0
TenderServiceApi/internal/usecases/bids/fetch/bids.go:62.2,62.18 1 0
TenderServiceApi/internal/usecases/bids/fetch/bids.go:65.162,67.16 2 0
TenderServiceApi/internal/usecases/bids/fetch/bids.go:67.16,69.3 1 0
TenderServiceApi/internal/usecases/bids/fetch/bids.go:71.2,72.16 2 0
TenderServiceApi/internal/usecases/bids/fetch/bids.go:72.16,74.3 1 0
TenderServiceApi/internal/usecases/bids/fetch/bids.go:76.2,76.18 1 0
TenderServiceApi/internal/usecases/bids/verification/bids.go:15.40,17.2 1 0
TenderServiceApi/internal/usecases/bids/verification/bids.go:19.103,21.2 1 0
TenderServiceApi/internal/usecases/organization/fetch/organization.go:18.40,20.2 1 0
TenderServiceApi/internal/usecases/organization/fetch/organization.go:22.85,24.2 1 0
TenderServiceApi/internal/usecases/organization/fetch/organization.go:26.109,28.2 1 0
TenderServiceApi/internal/usecases/organization/verification/organization.go:17.40,19.2 1 0
TenderServiceApi/internal/usecases/organization/verification/organization.go:21.136,23.2 1 0
TenderServiceApi/internal/usecases/tender/create/tender.go:22.93,24.2 1 0
TenderServiceApi/internal/usecases/tender/create/tender.go:26.133,28.16 2 0
TenderServiceApi/internal/usecases/tender/create/tender.go:28.16,30.3 1 0
TenderServiceApi/internal/usecases/tender/create/tender.go:32.2,33.40 2 0
TenderServiceApi/internal/usecases/tender/edit/tender.go:24.81,26.2 1 0
TenderServiceApi/internal/usecases/tender/edit/tender.go:28.119,30.16 2 0
TenderServiceApi/internal/usecases/tender/edit/tender.go:30.16,32.3 1 0
TenderServiceApi/internal/usecases/tender/edit/tender.go:34.2,35.16 2 0
TenderServiceApi/internal/usecases/tender/edit/tender.go:35.16,37.3 1 0
TenderServiceApi/internal/usecases/tender/edit/tender.go:39.2,42.16 3 0
TenderServiceApi/internal/usecases/tender/edit/tender.go:42.16,44.3 1 0
TenderServiceApi/internal/usecases/tender/edit/tender.go:46.2,46.18 1 0
TenderServiceApi/internal/usecases/tender/edit/tender.go:49.115,51.16 2 0
TenderServiceApi/internal/usecases/tender/edit/tender.go:51.16,53.3 1 0
TenderServiceApi/internal/usecases/tender/edit/tender.go:55.2,56.16 2 0
TenderServiceApi/internal/usecases/tender/edit/tender.go:56.16,58.3 1 0
TenderServiceApi/internal/usecases/tender/edit/tender.go:60.2,61.16 2 0
TenderServiceApi/internal/usecases/tender/edit/tender.go:61.16,63.3 1 0
TenderServiceApi/internal/usecases/tender/edit/tender.go:65.2,65.18 1 0
TenderServiceApi/internal/usecases/tender/edit/tender.go:68.118,70.16 2 0
TenderServiceApi/internal/usecases/tender/edit/tender.go:70.16,72.3 1 0
TenderServiceApi/internal/usecases/tender/edit/tender.go:74.2,75.16 2 0
TenderServiceApi/internal/usecases/tender/edit/tender.go:75.16,77.3 1 0
TenderServiceApi/internal/usecases/tender/edit/tender.go:79.2,79.20 1 0
TenderServiceApi/internal/usecases/tender/fetch/tender.go:24.81,26.2 1 0
TenderServiceApi/internal/usecases/tender/fetch/tender.go:28.94,30.2 1 0
TenderServiceApi/internal/usecases/tender/fetch/tender.go:32.97,34.2 1 0
TenderServiceApi/internal/usecases/tender/fetch/tender.go:36.108,38.16 2 0
TenderServiceApi/internal/usecases/tender/fetch/tender.go:38.16,40.3 1 0
TenderServiceApi/internal/usecases/tender/fetch/tender.go:42.2,43.16 2 0
TenderServiceApi/internal/usecases/tender/fetch/tender.go:43.16,45.3 1 0
TenderServiceApi/internal/usecases/tender/fetch/tender.go:47.2,47.20 1 0
TenderServiceApi/internal/usecases/tender/verification/tender.go:15.40,17.2 1 0
TenderServiceApi/internal/usecases/tender/verification/tender.go:19.105,21.2 1 0
TenderServiceApi/test/helper.go:11.54,12.47 1 0
TenderServiceApi/test/helper.go:12.47,14.3 1 0
TenderServiceApi/test/helper.go:16.2,16.44 1 0
TenderServiceApi/test/helper.go:16.44,18.3 1 0
TenderServiceApi/test/helper.go:19.2,19.12 1 0
TenderServiceApi/test/helper.go:22.47,26.55 2 0
TenderServiceApi/test/helper.go:26.55,28.3 1 0
TenderServiceApi/test/helper.go:29.2,29.12 1 0
TenderServiceApi/internal/handlers/ping/fetch/handler.go:10.27,12.2 1 1
TenderServiceApi/internal/handlers/ping/fetch/handler.go:14.51,16.2 1 0
TenderServiceApi/internal/handlers/ping/fetch/handler.go:20.64,21.32 1 1
TenderServiceApi/internal/handlers/ping/fetch/handler.go:21.32,24.3 2 1
TenderServiceApi/internal/handlers/ping/fetch/handler.go:25.2,25.30 1 1
TenderServiceApi/internal/handlers/tender/fetch/handler.go:30.55,34.2 1 1
TenderServiceApi/internal/handlers/tender/fetch/handler.go:36.51,40.2 3 0
TenderServiceApi/internal/handlers/tender/fetch/handler.go:42.69,43.32 1 1
TenderServiceApi/internal/handlers/tender/fetch/handler.go:43.32,46.3 2 1
TenderServiceApi/internal/handlers/tender/fetch/handler.go:47.2,51.41 3 1
TenderServiceApi/internal/handlers/tender/fetch/handler.go:51.41,54.3 2 1
TenderServiceApi/internal/handlers/tender/fetch/handler.go:56.2,57.16 2 1
TenderServiceApi/internal/handlers/tender/fetch/handler.go:57.16,61.3 3 1
TenderServiceApi/internal/handlers/tender/fetch/handler.go:63.2,64.16 2 1
TenderServiceApi/internal/handlers/tender/fetch/handler.go:64.16,68.3 3 0
TenderServiceApi/internal/handlers/tender/fetch/handler.go:70.2,70.26 1 1
TenderServiceApi/internal/handlers/tender/fetch/handler.go:70.26,73.3 2 1
TenderServiceApi/internal/handlers/tender/fetch/handler.go:75.2,76.16 2 1
TenderServiceApi/internal/handlers/tender/fetch/handler.go:76.16,80.3 3 0
TenderServiceApi/internal/handlers/tender/fetch/handler.go:82.2,82.30 1 1
TenderServiceApi/internal/handlers/tender/fetch/handler.go:85.75,86.32 1 1
TenderServiceApi/internal/handlers/tender/fetch/handler.go:86.32,89.3 2 1
TenderServiceApi/internal/handlers/tender/fetch/handler.go:90.2,93.41 3 1
TenderServiceApi/internal/handlers/tender/fetch/handler.go:93.41,96.3 2 1
TenderServiceApi/internal/handlers/tender/fetch/handler.go:98.2,99.16 2 1
TenderServiceApi/internal/handlers/tender/fetch/handler.go:99.16,103.3 3 1
TenderServiceApi/internal/handlers/tender/fetch/handler.go:105.2,106.16 2 1
TenderServiceApi/internal/handlers/tender/fetch/handler.go:106.16,110.3 3 0
TenderServiceApi/internal/handlers/tender/fetch/handler.go:111.2,111.23 1 1
TenderServiceApi/internal/handlers/tender/fetch/handler.go:111.23,114.3 2 1
TenderServiceApi/internal/handlers/tender/fetch/handler.go:115.2,116.16 2 1
TenderServiceApi/internal/handlers/tender/fetch/handler.go:116.16,120.3 3 0
TenderServiceApi/internal/handlers/tender/fetch/handler.go:122.2,122.30 1 1
TenderServiceApi/internal/handlers/tender/fetch/handler.go:125.71,126.32 1 1
TenderServiceApi/internal/handlers/tender/fetch/handler.go:126.32,129.3 2 1
TenderServiceApi/internal/handlers/tender/fetch/handler.go:131.2,135.65 4 1
TenderServiceApi/internal/handlers/tender/fetch/handler.go:135.65,138.3 2 1
TenderServiceApi/internal/handlers/tender/fetch/handler.go:140.2,141.46 2 1
TenderServiceApi/internal/handlers/tender/fetch/handler.go:141.46,145.3 3 1
TenderServiceApi/internal/handlers/tender/fetch/handler.go:146.2,146.35 1 1
TenderServiceApi/internal/handlers/tender/fetch/handler.go:146.35,150.3 3 1
TenderServiceApi/internal/handlers/tender/fetch/handler.go:151.2,151.16 1 1
TenderServiceApi/internal/handlers/tender/fetch/handler.go:151.16,155.3 3 1
TenderServiceApi/internal/handlers/tender/fetch/handler.go:157.2,158.16 2 1
TenderServiceApi/internal/handlers/tender/fetch/handler.go:158.16,162.3 3 0
TenderServiceApi/internal/handlers/tender/fetch/handler.go:164.2,165.16 2 1
TenderServiceApi/internal/handlers/tender/fetch/handler.go:165.16,169.3 3 0
TenderServiceApi/internal/handlers/tender/fetch/handler.go:171.2,171.30 1 1
TenderServiceApi/internal/model/bidFeedback.go:11.58,26.27 3 0
TenderServiceApi/internal/model/bidFeedback.go:26.27,27.32 1 0
TenderServiceApi/internal/model/bidFeedback.go:28.16,29.19 1 0
TenderServiceApi/internal/model/bidFeedback.go:29.19,31.5 1 0
TenderServiceApi/internal/model/bidFeedback.go:32.13,33.18 1 0
TenderServiceApi/internal/model/bidFeedback.go:33.18,35.5 1 0
TenderServiceApi/internal/model/bids.go:14.44,30.27 3 0
TenderServiceApi/internal/model/bids.go:30.27,31.32 1 0
TenderServiceApi/internal/model/bids.go:32.16,33.19 1 0
TenderServiceApi/internal/model/bids.go:33.19,35.5 1 0
TenderServiceApi/internal/model/bids.go:36.13,37.18 1 0
TenderServiceApi/internal/model/bids.go:37.18,39.5 1 0
TenderServiceApi/internal/model/tender.go:19.48,35.27 3 0
TenderServiceApi/internal/model/tender.go:35.27,36.32 1 0
TenderServiceApi/internal/model/tender.go:37.16,38.19 1 0
TenderServiceApi/internal/model/tender.go:38.19,40.5 1 0
TenderServiceApi/internal/model/tender.go:41.13,42.18 1 0
TenderServiceApi/internal/model/tender.go:42.18,44.5 1 0
TenderServiceApi/internal/model/tender.go:49.48,51.9 2 0
TenderServiceApi/internal/model/tender.go:51.9,53.3 1 0
TenderServiceApi/internal/model/tender.go:55.2,55.30 1 0
